retweet_count,user_lang,user_created_at,date_year,truncated,text,tag::eventtype,hashtags,user_profile_image_url_https,user_contributors_enabled,date_zone,user_default_profile,user_profile_sidebar_border_color,date_mday,date_minute,user_friends_count,_raw,entities_hashtags_0_indices,id,index,sourcetype,user_utc_offset,user_id,user_default_profile_image,user_profile_text_color,eventtype,user_screen_name,retweeted,user_favourites_count,user_verified,splunk_server,source,linecount,rel,user_profile_background_image_url,user_is_translator,user_name,user_profile_image_url,date_hour,favorited,entities_hashtags_0_text,_serial,user_followers_count,entities_urls_0_url,user_profile_background_color,date_second,date_wday,user_show_all_inline_media,status_source,timeendpos,punct,host,_sourcetype,_indextime,user_profile_sidebar_fill_color,_kv,_cd,user_profile_link_color,_si,user_protected,entities_hashtags_1_indices,user_profile_background_image_url_https,timestartpos,user_listed_count,date_month,created_at,user_location,user_geo_enabled,user_time_zone,entities_user_mentions_0_id,_time,entities_user_mentions_0_indices,href,__mv_hashtags,user_description,user_profile_use_background_image,user_profile_background_tile,entities_urls_0_indices,user_statuses_count,entities_hashtags_1_text
0,en,Wed Oct 14 22:20:45 +0000 2009,2011,False,7/6 Game Preview: Wakefield Chases 200 As Sox Go For Sweep: Fenway West » The Sox walked away with ... http://bit.ly/rf5L8w #MLB #REDSOX,,"#redsox
#mlb",https://si0.twimg.com/profile_images/1149787900/A_Smallerjoecamel_cub_fan_normal.jpg,False,0,False,eeeeee,6,54,438,"created_at=""Wed Jul 06 20:54:14 +0000 2011"" entities_hashtags_0_indices=""124,128"" entities_hashtags_0_text=""MLB"" entities_hashtags_1_indices=""129,136"" entities_hashtags_1_text=""REDSOX"" entities_urls_0_indices=""103,123"" entities_urls_0_url=""http://bit.ly/rf5L8w"" favorited=False id=88712381752020992 retweet_count=0 retweeted=False status_source=""<a href='http://twitterfeed.com' rel='nofollow'>twitterfeed</a>"" text=""7/6 Game Preview: Wakefield Chases 200 As Sox Go For Sweep: Fenway West » The Sox walked away with ... http://bit.ly/rf5L8w #MLB #REDSOX"" truncated=False user_contributors_enabled=False user_created_at=""Wed Oct 14 22:20:45 +0000 2009"" user_default_profile=False user_default_profile_image=False user_description="" Sports Fan,WWE,TNA,WCW,AWA,Cubs,Packers,Bucks,Blackhawks"" user_favourites_count=2 user_followers_count=3815 user_friends_count=438 user_geo_enabled=False user_id=82471710 user_is_translator=False user_lang=""en"" user_listed_count=40 user_location=""Somewhere Out There"" user_name=""JoeCamel"" user_profile_background_color=""131516"" user_profile_background_image_url=""http://a3.twimg.com/profile_background_images/45965600/I_Love_Sports.jpg"" user_profile_background_image_url_https=""https://si0.twimg.com/profile_background_images/45965600/I_Love_Sports.jpg"" user_profile_background_tile=False user_profile_image_url=""http://a0.twimg.com/profile_images/1149787900/A_Smallerjoecamel_cub_fan_normal.jpg"" user_profile_image_url_https=""https://si0.twimg.com/profile_images/1149787900/A_Smallerjoecamel_cub_fan_normal.jpg"" user_profile_link_color=""767a7a"" user_profile_sidebar_border_color=""eeeeee"" user_profile_sidebar_fill_color=""120112"" user_profile_text_color=""666466"" user_profile_use_background_image=True user_protected=False user_screen_name=""JoeCamel_Sports"" user_show_all_inline_media=False user_statuses_count=356886 user_time_zone=""Central Time (US & Canada)"" user_utc_offset=-21600 user_verified=False 
---end-status---","124,128",88712381752020992,twitter,twitted,-21600,82471710,False,666466,,JoeCamel_Sports,False,2,False,Octavian.local,tcp:9001,2,'nofollow',http://a3.twimg.com/profile_background_images/45965600/I_Love_Sports.jpg,False,JoeCamel,http://a0.twimg.com/profile_images/1149787900/A_Smallerjoecamel_cub_fan_normal.jpg,20,False,MLB,0,3815,http://bit.ly/rf5L8w,131516,14,wednesday,False,<a href='http://twitterfeed.com' rel='nofollow'>twitterfeed</a>,37,"=""___::_+_""_="",""_=""""_="",""_=""""_="",""_=""://./""_=_=_=_",Octavian.local,twitted,1309985655,120112,1,0:492574,767a7a,"Octavian.local
twitter",False,"129,136",https://si0.twimg.com/profile_background_images/45965600/I_Love_Sports.jpg,23,40,july,Wed Jul 06 20:54:14 +0000 2011,Somewhere Out There,False,Central Time (US & Canada),,1309985654,,'http://twitterfeed.com',$#redsox$;$#mlb$,"Sports Fan,WWE,TNA,WCW,AWA,Cubs,Packers,Bucks,Blackhawks",True,False,"103,123",356886,REDSOX
0,en,Tue Apr 05 04:06:01 +0000 2011,2011,False,Every girl needs a boyfriends #2 ,,#2,https://si0.twimg.com/profile_images/1407354788/image_normal.jpg,False,0,True,C0DEED,6,54,37,"created_at=""Wed Jul 06 20:54:14 +0000 2011"" favorited=False id=88712381726863360 retweet_count=0 retweeted=False status_source=""<a href='http://twitter.com/#!/download/iphone' rel='nofollow'>Twitter for iPhone</a>"" text=""Every girl needs a boyfriends #2 "" truncated=False user_contributors_enabled=False user_created_at=""Tue Apr 05 04:06:01 +0000 2011"" user_default_profile=True user_default_profile_image=False user_favourites_count=2 user_followers_count=35 user_friends_count=37 user_geo_enabled=False user_id=277323234 user_is_translator=False user_lang=""en"" user_listed_count=0 user_name=""Tevin Clark "" user_profile_background_color=""C0DEED"" user_profile_background_image_url=""http://a0.twimg.com/images/themes/theme1/bg.png"" user_profile_background_image_url_https=""https://si0.twimg.com/images/themes/theme1/bg.png"" user_profile_background_tile=False user_profile_image_url=""http://a2.twimg.com/profile_images/1407354788/image_normal.jpg"" user_profile_image_url_https=""https://si0.twimg.com/profile_images/1407354788/image_normal.jpg"" user_profile_link_color=""0084B4"" user_profile_sidebar_border_color=""C0DEED"" user_profile_sidebar_fill_color=""DDEEF6"" user_profile_text_color=""333333"" user_profile_use_background_image=True user_protected=False user_screen_name=""tevin64"" user_show_all_inline_media=False user_statuses_count=358 user_verified=False 
---end-status---",,88712381726863360,twitter,twitted,,277323234,False,333333,,tevin64,False,2,False,Octavian.local,tcp:9001,2,'nofollow',http://a0.twimg.com/images/themes/theme1/bg.png,False,Tevin Clark,http://a2.twimg.com/profile_images/1407354788/image_normal.jpg,20,False,,1,35,,C0DEED,14,wednesday,False,<a href='http://twitter.com/#!/download/iphone' rel='nofollow'>Twitter for iPhone</a>,37,"=""___::_+_""_=_=_=_=_=""<_='://./#!//'_=''>__</>""_=""",Octavian.local,twitted,1309985655,DDEEF6,1,0:492529,0084B4,"Octavian.local
twitter",False,,https://si0.twimg.com/images/themes/theme1/bg.png,23,0,july,Wed Jul 06 20:54:14 +0000 2011,,False,,,1309985654,,'http://twitter.com/#!/download/iphone',$#2$,,True,False,,358,
