count,percentage,hashtag
1,0.333333333333,#2
1,0.333333333333,#redsox
1,0.333333333333,#mlb
