daemon,usbmuxd,windowserver,www,mdnsresponder,coreaudiod,itay,locationd,root,spotlight
1,1,1,1,1,1,73,1,37,1
1,1,1,1,1,1,73,1,37,1
